== HOH  https://files.rcsb.org/ligands/download/HOH.cif  raw=3741  gzip=954
   _chem_comp.name = WATER
   _chem_comp.formula = "H2 O"
   _chem_comp.formula_weight = 18.015
   _chem_comp.type = NON-POLYMER
== GLC  https://files.rcsb.org/ligands/download/GLC.cif  raw=9281  gzip=2595
   _chem_comp.name = alpha-D-glucopyranose
   _chem_comp.formula = "C6 H12 O6"
   _chem_comp.formula_weight = 180.156
   _chem_comp.type = "D-saccharide, alpha linking"
== ATP  https://files.rcsb.org/ligands/download/ATP.cif  raw=10669  gzip=3314
   _chem_comp.name = "ADENOSINE-5'-TRIPHOSPHATE"
   _chem_comp.formula = "C10 H16 N5 O13 P3"
   _chem_comp.formula_weight = 507.181
   _chem_comp.type = NON-POLYMER
== GLY  https://files.rcsb.org/ligands/download/GLY.cif  raw=5615  gzip=1588
   _chem_comp.name = GLYCINE
   _chem_comp.formula = "C2 H5 N O2"
   _chem_comp.formula_weight = 75.067
   _chem_comp.type = "PEPTIDE LINKING"
== PLM  https://files.rcsb.org/ligands/download/PLM.cif  raw=11039  gzip=3167
   _chem_comp.name = "PALMITIC ACID"
   _chem_comp.formula = "C16 H32 O2"
   _chem_comp.formula_weight = 256.424
   _chem_comp.type = NON-POLYMER
== CLR  https://files.rcsb.org/ligands/download/CLR.cif  raw=14147  gzip=4390
   _chem_comp.name = CHOLESTEROL
   _chem_comp.formula = "C27 H46 O"
   _chem_comp.formula_weight = 386.654
   _chem_comp.type = NON-POLYMER
== 1BNA  https://files.rcsb.org/download/1BNA.cif  raw=100712  gzip=24708
   _chem_comp.name = _chem_comp.pdbx_synonyms
   _chem_comp.formula = _chem_comp.formula_weight
   _chem_comp.formula_weight = DA  'DNA linking' y "2'-DEOXYADENOSINE-5'-MONOPHOSPHATE" ? 'C10 H14 N5 O6 P' 331.222
   _chem_comp.type = _chem_comp.mon_nstd_flag
   _struct.title = 'STRUCTURE OF A B-DNA DODECAMER. CONFORMATION AND DYNAMICS'
   _exptl.method = 'X-RAY DIFFRACTION'
   _refine.ls_d_res_high = 1.900
   _citation.title = _citation.journal_abbrev
   _citation.journal_abbrev = _citation.journal_volume
   _citation.year = _citation.journal_id_ASTM
   _citation.pdbx_database_id_DOI = primary 'Structure of a B-DNA dodecamer: conformation and dynamics.'                        Proc.Natl.Acad.Sci.USA 78  2179 2183
== 4HHB  https://files.rcsb.org/download/4HHB.cif  raw=772198  gzip=188746
   _chem_comp.name = _chem_comp.pdbx_synonyms
   _chem_comp.formula = _chem_comp.formula_weight
   _chem_comp.formula_weight = ALA 'L-peptide linking' y ALANINE                           ?    'C3 H7 N O2'       89.093
   _chem_comp.type = _chem_comp.mon_nstd_flag
   _struct.title = 'THE CRYSTAL STRUCTURE OF HUMAN DEOXYHAEMOGLOBIN AT 1.74 ANGSTROMS RESOLUTION'
   _exptl.method = 'X-RAY DIFFRACTION'
   _refine.ls_d_res_high = 1.74
   _citation.title = _citation.journal_abbrev
   _citation.journal_abbrev = _citation.journal_volume
   _citation.year = _citation.journal_id_ASTM
   _citation.pdbx_database_id_DOI = primary 'The crystal structure of human deoxyhaemoglobin at 1.74 A resolution' J.Mol.Biol. 175 159 174 1984 JMOBAK UK 0022-2836
   _entity_src_gen.pdbx_gene_src_scientific_name = _entity_src_gen.pdbx_gene_src_ncbi_taxonomy_id
== 4INS  https://files.rcsb.org/download/4INS.cif  raw=186101  gzip=45315
   _chem_comp.name = _chem_comp.pdbx_synonyms
   _chem_comp.formula = _chem_comp.formula_weight
   _chem_comp.formula_weight = ALA 'L-peptide linking' y ALANINE         ? 'C3 H7 N O2'     89.093
   _chem_comp.type = _chem_comp.mon_nstd_flag
   _struct.title = 'THE STRUCTURE OF 2ZN PIG INSULIN CRYSTALS AT 1.5 ANGSTROMS RESOLUTION'
   _exptl.method = 'X-RAY DIFFRACTION'
   _refine.ls_d_res_high = 1.5
   _citation.title = _citation.journal_abbrev
   _citation.journal_abbrev = _citation.journal_volume
   _citation.year = _citation.journal_id_ASTM
   _citation.pdbx_database_id_DOI = primary 'The structure of 2Zn pig insulin crystals at 1.5 A resolution.' Philos.Trans.R.Soc.London,Ser.B
   _entity_src_gen.pdbx_gene_src_scientific_name = _entity_src_gen.pdbx_gene_src_ncbi_taxonomy_id
== 1CAG  https://files.rcsb.org/download/1CAG.cif  raw=101040  gzip=24798
   _chem_comp.name = _chem_comp.pdbx_synonyms
   _chem_comp.formula = _chem_comp.formula_weight
   _chem_comp.formula_weight = ACY non-polymer         . 'ACETIC ACID'    ?              'C2 H4 O2'   60.052
   _chem_comp.type = _chem_comp.mon_nstd_flag
   _struct.title = 'CRYSTAL AND MOLECULAR STRUCTURE OF A COLLAGEN-LIKE PEPTIDE AT 1.9 ANGSTROM RESOLUTION'
   _exptl.method = 'X-RAY DIFFRACTION'
   _refine.ls_d_res_high = 1.85
   _citation.title = 'Crystal and molecular structure of a collagen-like peptide at 1.9 A resolution.'
   _citation.journal_abbrev = Science
   _citation.year = 1994
   _citation.pdbx_database_id_DOI = ?
== 1B7T  https://files.rcsb.org/download/1B7T.cif  raw=957814  gzip=231841
   _chem_comp.name = _chem_comp.pdbx_synonyms
   _chem_comp.formula = _chem_comp.formula_weight
   _chem_comp.formula_weight = ADP non-polymer         n "ADENOSINE-5'-DIPHOSPHATE" ? 'C10 H15 N5 O10 P2' 427.201
   _chem_comp.type = _chem_comp.mon_nstd_flag
   _struct.title = 'MYOSIN DIGESTED BY PAPAIN'
   _exptl.method = 'X-RAY DIFFRACTION'
   _refine.ls_d_res_high = 2.5
   _citation.title = 'Atomic structure of scallop myosin subfragment S1 complexed with MgADP: a novel conformation of the myosin head.'
   _citation.journal_abbrev = 'Cell(Cambridge,Mass.)'
   _citation.year = 1999
   _citation.pdbx_database_id_DOI = '10.1016/S0092-8674(00)80756-4'
   _entity_src_nat.pdbx_organism_scientific = _entity_src_nat.pdbx_ncbi_taxonomy_id
== 1EMA  https://files.rcsb.org/download/1EMA.cif  raw=244153  gzip=61538
   _chem_comp.name = _chem_comp.pdbx_synonyms
   _chem_comp.formula = _chem_comp.formula_weight
   _chem_comp.formula_weight = ALA 'L-peptide linking' y ALANINE ?                             'C3 H7 N O2'     89.093
   _chem_comp.type = _chem_comp.mon_nstd_flag
   _struct.title = 'GREEN FLUORESCENT PROTEIN FROM AEQUOREA VICTORIA'
   _exptl.method = 'X-RAY DIFFRACTION'
   _refine.ls_d_res_high = 1.9
   _citation.title = _citation.journal_abbrev
   _citation.journal_abbrev = _citation.journal_volume
   _citation.year = _citation.journal_id_ASTM
   _citation.pdbx_database_id_DOI = primary 'Crystal structure of the Aequorea victoria green fluorescent protein.' Science 273 1392 1395 1996 SCIEAS US 0036-8075
   _entity_src_gen.pdbx_gene_src_scientific_name = 'Aequorea victoria'
== 1LYZ  https://files.rcsb.org/download/1LYZ.cif  raw=245475  gzip=55618
   _chem_comp.name = _chem_comp.pdbx_synonyms
   _chem_comp.formula = _chem_comp.formula_weight
   _chem_comp.formula_weight = ALA 'L-peptide linking' y ALANINE         ? 'C3 H7 N O2'     89.093
   _chem_comp.type = _chem_comp.mon_nstd_flag
   _struct.title = 'Real-space refinement of the structure of hen egg-white lysozyme'
   _exptl.method = 'X-RAY DIFFRACTION'
   _refine.ls_d_res_high = 2.0
   _citation.title = _citation.journal_abbrev
   _citation.journal_abbrev = _citation.journal_volume
   _citation.year = _citation.journal_id_ASTM
   _citation.pdbx_database_id_DOI = primary 'Real-space refinement of the structure of hen egg-white lysozyme.'
   _entity_src_gen.pdbx_gene_src_scientific_name = 'Gallus gallus'
== 1J4N  https://files.rcsb.org/download/1J4N.cif  raw=255929  gzip=63638
   _chem_comp.name = _chem_comp.pdbx_synonyms
   _chem_comp.formula = _chem_comp.formula_weight
   _chem_comp.formula_weight = ALA 'L-peptide linking' y ALANINE                        ? 'C3 H7 N O2'     89.093
   _chem_comp.type = _chem_comp.mon_nstd_flag
   _struct.title = 'Crystal Structure of the AQP1 water channel'
   _exptl.method = 'X-RAY DIFFRACTION'
   _refine.ls_d_res_high = 2.20
   _citation.title = 'Structural basis of water-specific transport through the AQP1 water channel.'
   _citation.journal_abbrev = Nature
   _citation.year = 2001
   _citation.pdbx_database_id_DOI = 10.1038/414872a
   _entity_src_nat.pdbx_organism_scientific = 'Bos taurus'
